// Jest Snapshot v1, https://goo.gl/fbAQLP

exports[`<App /> renders App without crashing 1`] = `
ShallowWrapper {
  Symbol(enzyme.__root__): [Circular],
  Symbol(enzyme.__unrendered__): <App />,
  Symbol(enzyme.__renderer__): Object {
    "batchedUpdates": [Function],
    "checkPropTypes": [Function],
    "getNode": [Function],
    "render": [Function],
    "simulateError": [Function],
    "simulateEvent": [Function],
    "unmount": [Function],
  },
  Symbol(enzyme.__node__): Object {
    "instance": null,
    "key": undefined,
    "nodeType": "class",
    "props": Object {
      "children": <React.Fragment>
        <Navbar />
        <Container
          style={
            Object {
              "marginTop": "5em",
            }
          }
        >
          <Switch>
            <Route
              component={[Function]}
              exact={true}
              path="/"
            />
            <Route
              component={[Function]}
              exact={true}
              path="/users/:userId/posts"
            />
            <Route
              component={[Function]}
              exact={true}
              path="/users/:userId/posts/:postId"
            />
            <Route
              component={[Function]}
              exact={true}
              path="/users/:userId/albums"
            />
            <Route
              component={[Function]}
              exact={true}
              path="/users/:userId/albums/:albumId/photos"
            />
          </Switch>
        </Container>
      </React.Fragment>,
    },
    "ref": null,
    "rendered": Object {
      "instance": null,
      "key": undefined,
      "nodeType": "function",
      "props": Object {
        "children": Array [
          <Navbar />,
          <Container
            style={
              Object {
                "marginTop": "5em",
              }
            }
          >
            <Switch>
              <Route
                component={[Function]}
                exact={true}
                path="/"
              />
              <Route
                component={[Function]}
                exact={true}
                path="/users/:userId/posts"
              />
              <Route
                component={[Function]}
                exact={true}
                path="/users/:userId/posts/:postId"
              />
              <Route
                component={[Function]}
                exact={true}
                path="/users/:userId/albums"
              />
              <Route
                component={[Function]}
                exact={true}
                path="/users/:userId/albums/:albumId/photos"
              />
            </Switch>
          </Container>,
        ],
      },
      "ref": null,
      "rendered": Array [
        Object {
          "instance": null,
          "key": undefined,
          "nodeType": "class",
          "props": Object {},
          "ref": null,
          "rendered": null,
          "type": [Function],
        },
        Object {
          "instance": null,
          "key": undefined,
          "nodeType": "function",
          "props": Object {
            "children": <Switch>
              <Route
                component={[Function]}
                exact={true}
                path="/"
              />
              <Route
                component={[Function]}
                exact={true}
                path="/users/:userId/posts"
              />
              <Route
                component={[Function]}
                exact={true}
                path="/users/:userId/posts/:postId"
              />
              <Route
                component={[Function]}
                exact={true}
                path="/users/:userId/albums"
              />
              <Route
                component={[Function]}
                exact={true}
                path="/users/:userId/albums/:albumId/photos"
              />
            </Switch>,
            "style": Object {
              "marginTop": "5em",
            },
          },
          "ref": null,
          "rendered": Object {
            "instance": null,
            "key": undefined,
            "nodeType": "class",
            "props": Object {
              "children": Array [
                <Route
                  component={[Function]}
                  exact={true}
                  path="/"
                />,
                <Route
                  component={[Function]}
                  exact={true}
                  path="/users/:userId/posts"
                />,
                <Route
                  component={[Function]}
                  exact={true}
                  path="/users/:userId/posts/:postId"
                />,
                <Route
                  component={[Function]}
                  exact={true}
                  path="/users/:userId/albums"
                />,
                <Route
                  component={[Function]}
                  exact={true}
                  path="/users/:userId/albums/:albumId/photos"
                />,
              ],
            },
            "ref": null,
            "rendered": Array [
              Object {
                "instance": null,
                "key": undefined,
                "nodeType": "class",
                "props": Object {
                  "component": [Function],
                  "exact": true,
                  "path": "/",
                },
                "ref": null,
                "rendered": null,
                "type": [Function],
              },
              Object {
                "instance": null,
                "key": undefined,
                "nodeType": "class",
                "props": Object {
                  "component": [Function],
                  "exact": true,
                  "path": "/users/:userId/posts",
                },
                "ref": null,
                "rendered": null,
                "type": [Function],
              },
              Object {
                "instance": null,
                "key": undefined,
                "nodeType": "class",
                "props": Object {
                  "component": [Function],
                  "exact": true,
                  "path": "/users/:userId/posts/:postId",
                },
                "ref": null,
                "rendered": null,
                "type": [Function],
              },
              Object {
                "instance": null,
                "key": undefined,
                "nodeType": "class",
                "props": Object {
                  "component": [Function],
                  "exact": true,
                  "path": "/users/:userId/albums",
                },
                "ref": null,
                "rendered": null,
                "type": [Function],
              },
              Object {
                "instance": null,
                "key": undefined,
                "nodeType": "class",
                "props": Object {
                  "component": [Function],
                  "exact": true,
                  "path": "/users/:userId/albums/:albumId/photos",
                },
                "ref": null,
                "rendered": null,
                "type": [Function],
              },
            ],
            "type": [Function],
          },
          "type": [Function],
        },
      ],
      "type": Symbol(react.fragment),
    },
    "type": [Function],
  },
  Symbol(enzyme.__nodes__): Array [
    Object {
      "instance": null,
      "key": undefined,
      "nodeType": "class",
      "props": Object {
        "children": <React.Fragment>
          <Navbar />
          <Container
            style={
              Object {
                "marginTop": "5em",
              }
            }
          >
            <Switch>
              <Route
                component={[Function]}
                exact={true}
                path="/"
              />
              <Route
                component={[Function]}
                exact={true}
                path="/users/:userId/posts"
              />
              <Route
                component={[Function]}
                exact={true}
                path="/users/:userId/posts/:postId"
              />
              <Route
                component={[Function]}
                exact={true}
                path="/users/:userId/albums"
              />
              <Route
                component={[Function]}
                exact={true}
                path="/users/:userId/albums/:albumId/photos"
              />
            </Switch>
          </Container>
        </React.Fragment>,
      },
      "ref": null,
      "rendered": Object {
        "instance": null,
        "key": undefined,
        "nodeType": "function",
        "props": Object {
          "children": Array [
            <Navbar />,
            <Container
              style={
                Object {
                  "marginTop": "5em",
                }
              }
            >
              <Switch>
                <Route
                  component={[Function]}
                  exact={true}
                  path="/"
                />
                <Route
                  component={[Function]}
                  exact={true}
                  path="/users/:userId/posts"
                />
                <Route
                  component={[Function]}
                  exact={true}
                  path="/users/:userId/posts/:postId"
                />
                <Route
                  component={[Function]}
                  exact={true}
                  path="/users/:userId/albums"
                />
                <Route
                  component={[Function]}
                  exact={true}
                  path="/users/:userId/albums/:albumId/photos"
                />
              </Switch>
            </Container>,
          ],
        },
        "ref": null,
        "rendered": Array [
          Object {
            "instance": null,
            "key": undefined,
            "nodeType": "class",
            "props": Object {},
            "ref": null,
            "rendered": null,
            "type": [Function],
          },
          Object {
            "instance": null,
            "key": undefined,
            "nodeType": "function",
            "props": Object {
              "children": <Switch>
                <Route
                  component={[Function]}
                  exact={true}
                  path="/"
                />
                <Route
                  component={[Function]}
                  exact={true}
                  path="/users/:userId/posts"
                />
                <Route
                  component={[Function]}
                  exact={true}
                  path="/users/:userId/posts/:postId"
                />
                <Route
                  component={[Function]}
                  exact={true}
                  path="/users/:userId/albums"
                />
                <Route
                  component={[Function]}
                  exact={true}
                  path="/users/:userId/albums/:albumId/photos"
                />
              </Switch>,
              "style": Object {
                "marginTop": "5em",
              },
            },
            "ref": null,
            "rendered": Object {
              "instance": null,
              "key": undefined,
              "nodeType": "class",
              "props": Object {
                "children": Array [
                  <Route
                    component={[Function]}
                    exact={true}
                    path="/"
                  />,
                  <Route
                    component={[Function]}
                    exact={true}
                    path="/users/:userId/posts"
                  />,
                  <Route
                    component={[Function]}
                    exact={true}
                    path="/users/:userId/posts/:postId"
                  />,
                  <Route
                    component={[Function]}
                    exact={true}
                    path="/users/:userId/albums"
                  />,
                  <Route
                    component={[Function]}
                    exact={true}
                    path="/users/:userId/albums/:albumId/photos"
                  />,
                ],
              },
              "ref": null,
              "rendered": Array [
                Object {
                  "instance": null,
                  "key": undefined,
                  "nodeType": "class",
                  "props": Object {
                    "component": [Function],
                    "exact": true,
                    "path": "/",
                  },
                  "ref": null,
                  "rendered": null,
                  "type": [Function],
                },
                Object {
                  "instance": null,
                  "key": undefined,
                  "nodeType": "class",
                  "props": Object {
                    "component": [Function],
                    "exact": true,
                    "path": "/users/:userId/posts",
                  },
                  "ref": null,
                  "rendered": null,
                  "type": [Function],
                },
                Object {
                  "instance": null,
                  "key": undefined,
                  "nodeType": "class",
                  "props": Object {
                    "component": [Function],
                    "exact": true,
                    "path": "/users/:userId/posts/:postId",
                  },
                  "ref": null,
                  "rendered": null,
                  "type": [Function],
                },
                Object {
                  "instance": null,
                  "key": undefined,
                  "nodeType": "class",
                  "props": Object {
                    "component": [Function],
                    "exact": true,
                    "path": "/users/:userId/albums",
                  },
                  "ref": null,
                  "rendered": null,
                  "type": [Function],
                },
                Object {
                  "instance": null,
                  "key": undefined,
                  "nodeType": "class",
                  "props": Object {
                    "component": [Function],
                    "exact": true,
                    "path": "/users/:userId/albums/:albumId/photos",
                  },
                  "ref": null,
                  "rendered": null,
                  "type": [Function],
                },
              ],
              "type": [Function],
            },
            "type": [Function],
          },
        ],
        "type": Symbol(react.fragment),
      },
      "type": [Function],
    },
  ],
  Symbol(enzyme.__options__): Object {
    "adapter": ReactSixteenAdapter {
      "options": Object {
        "enableComponentDidUpdateOnSetState": true,
        "legacyContextMode": "parent",
        "lifecycles": Object {
          "componentDidUpdate": Object {
            "onSetState": true,
          },
          "getChildContext": Object {
            "calledByRenderer": false,
          },
          "getDerivedStateFromProps": true,
          "getSnapshotBeforeUpdate": true,
          "setState": Object {
            "skipsComponentDidUpdateOnNullish": true,
          },
        },
      },
    },
  },
}
`;
